// Jest Snapshot v1, https://goo.gl/fbAQLP

exports[`fix type arguments 1`] = `
Object {
  "categories": undefined,
  "children": Array [
    Object {
      "categories": undefined,
      "children": Array [
        Object {
          "categories": undefined,
          "children": undefined,
          "comment": undefined,
          "decorates": undefined,
          "decorators": undefined,
          "defaultValue": undefined,
          "extendedBy": undefined,
          "extendedTypes": undefined,
          "flags": Object {},
          "groups": undefined,
          "id": 10,
          "implementationOf": undefined,
          "implementedBy": undefined,
          "implementedTypes": undefined,
          "indexSignature": undefined,
          "inheritedFrom": undefined,
          "kind": 512,
          "kindString": "Constructor",
          "name": "constructor",
          "overwrites": undefined,
          "signatures": Array [
            Object {
              "comment": undefined,
              "decorates": undefined,
              "decorators": undefined,
              "flags": Object {},
              "id": 11,
              "implementationOf": undefined,
              "inheritedFrom": undefined,
              "kind": 16384,
              "kindString": "Constructor signature",
              "name": "new Class2",
              "overwrites": undefined,
              "parameters": undefined,
              "type": Object {
                "id": 6,
                "name": "Class2",
                "type": "reference",
              },
              "typeParameter": undefined,
            },
          ],
          "sources": undefined,
          "type": undefined,
          "typeParameter": undefined,
        },
        Object {
          "categories": undefined,
          "children": undefined,
          "comment": undefined,
          "decorates": undefined,
          "decorators": undefined,
          "defaultValue": undefined,
          "extendedBy": undefined,
          "extendedTypes": undefined,
          "flags": Object {},
          "groups": undefined,
          "id": 12,
          "implementationOf": undefined,
          "implementedBy": undefined,
          "implementedTypes": undefined,
          "indexSignature": undefined,
          "inheritedFrom": undefined,
          "kind": 262144,
          "kindString": "Accessor",
          "name": "getterSetter",
          "overwrites": undefined,
          "signatures": undefined,
          "sources": Array [
            Object {
              "character": 8,
              "fileName": "engine-internal.ts",
              "line": 18,
            },
          ],
          "type": undefined,
          "typeParameter": undefined,
        },
        Object {
          "categories": undefined,
          "children": undefined,
          "comment": undefined,
          "decorates": undefined,
          "decorators": undefined,
          "defaultValue": undefined,
          "extendedBy": undefined,
          "extendedTypes": undefined,
          "flags": Object {},
          "groups": undefined,
          "id": 17,
          "implementationOf": undefined,
          "implementedBy": undefined,
          "implementedTypes": undefined,
          "indexSignature": undefined,
          "inheritedFrom": undefined,
          "kind": 2048,
          "kindString": "Method",
          "name": "testMethod",
          "overwrites": undefined,
          "sources": Array [
            Object {
              "character": 4,
              "fileName": "engine-internal.ts",
              "line": 30,
            },
          ],
          "type": undefined,
          "typeParameter": undefined,
        },
        Object {
          "categories": undefined,
          "children": undefined,
          "comment": undefined,
          "decorates": undefined,
          "decorators": undefined,
          "defaultValue": undefined,
          "extendedBy": undefined,
          "extendedTypes": undefined,
          "flags": Object {
            "isStatic": true,
          },
          "groups": undefined,
          "id": 8,
          "implementationOf": undefined,
          "implementedBy": undefined,
          "implementedTypes": undefined,
          "indexSignature": undefined,
          "inheritedFrom": undefined,
          "kind": 2048,
          "kindString": "Method",
          "name": "testStaticMdthod",
          "overwrites": undefined,
          "sources": Array [
            Object {
              "character": 11,
              "fileName": "engine-internal.ts",
              "line": 14,
            },
          ],
          "type": undefined,
          "typeParameter": undefined,
        },
      ],
      "comment": undefined,
      "decorates": undefined,
      "decorators": undefined,
      "defaultValue": undefined,
      "extendedBy": undefined,
      "extendedTypes": undefined,
      "flags": Object {},
      "groups": Array [
        Object {
          "children": Array [
            10,
          ],
          "kind": 512,
          "title": "Constructors",
        },
        Object {
          "children": Array [
            16,
            7,
          ],
          "kind": 1024,
          "title": "Properties",
        },
        Object {
          "children": Array [
            12,
          ],
          "kind": 262144,
          "title": "Accessors",
        },
        Object {
          "children": Array [
            17,
            8,
          ],
          "kind": 2048,
          "title": "Methods",
        },
      ],
      "id": 6,
      "implementationOf": undefined,
      "implementedBy": undefined,
      "implementedTypes": undefined,
      "indexSignature": undefined,
      "inheritedFrom": undefined,
      "kind": 128,
      "kindString": "Class",
      "name": "Class2",
      "overwrites": undefined,
      "signatures": undefined,
      "sources": Array [
        Object {
          "character": 13,
          "fileName": "engine-internal.ts",
          "line": 6,
        },
      ],
      "type": undefined,
      "typeParameter": undefined,
    },
    Object {
      "categories": undefined,
      "children": Array [
        Object {
          "categories": undefined,
          "children": undefined,
          "comment": undefined,
          "decorates": undefined,
          "decorators": undefined,
          "defaultValue": undefined,
          "extendedBy": undefined,
          "extendedTypes": undefined,
          "flags": Object {},
          "groups": undefined,
          "id": 29,
          "implementationOf": undefined,
          "implementedBy": undefined,
          "implementedTypes": undefined,
          "indexSignature": undefined,
          "inheritedFrom": undefined,
          "kind": 2048,
          "kindString": "Method",
          "name": "testMethod",
          "overwrites": undefined,
          "sources": undefined,
          "type": undefined,
          "typeParameter": undefined,
        },
      ],
      "comment": undefined,
      "decorates": undefined,
      "decorators": undefined,
      "defaultValue": undefined,
      "extendedBy": undefined,
      "extendedTypes": undefined,
      "flags": Object {},
      "groups": Array [
        Object {
          "children": Array [
            28,
          ],
          "kind": 1024,
          "title": "Properties",
        },
        Object {
          "children": Array [
            29,
          ],
          "kind": 2048,
          "title": "Methods",
        },
      ],
      "id": 27,
      "implementationOf": undefined,
      "implementedBy": undefined,
      "implementedTypes": undefined,
      "indexSignature": undefined,
      "inheritedFrom": undefined,
      "kind": 256,
      "kindString": "Interface",
      "name": "Interface2",
      "overwrites": undefined,
      "signatures": undefined,
      "sources": Array [
        Object {
          "character": 17,
          "fileName": "engine-internal.ts",
          "line": 55,
        },
      ],
      "type": undefined,
      "typeParameter": undefined,
    },
    Object {
      "categories": undefined,
      "children": undefined,
      "comment": undefined,
      "decorates": undefined,
      "decorators": undefined,
      "defaultValue": "...",
      "extendedBy": undefined,
      "extendedTypes": undefined,
      "flags": Object {
        "isConst": true,
      },
      "groups": undefined,
      "id": 21,
      "implementationOf": undefined,
      "implementedBy": undefined,
      "implementedTypes": undefined,
      "indexSignature": undefined,
      "inheritedFrom": undefined,
      "kind": 32,
      "kindString": "Variable",
      "name": "obj2",
      "overwrites": undefined,
      "signatures": undefined,
      "sources": Array [
        Object {
          "character": 13,
          "fileName": "engine-internal.ts",
          "line": 38,
        },
      ],
      "type": Object {
        "declaration": Object {
          "categories": undefined,
          "children": Array [
            Object {
              "categories": undefined,
              "children": undefined,
              "comment": undefined,
              "decorates": undefined,
              "decorators": undefined,
              "defaultValue": "1",
              "extendedBy": undefined,
              "extendedTypes": undefined,
              "flags": Object {},
              "groups": undefined,
              "id": 23,
              "implementationOf": undefined,
              "implementedBy": undefined,
              "implementedTypes": undefined,
              "indexSignature": undefined,
              "inheritedFrom": undefined,
              "kind": 1024,
              "kindString": "Property",
              "name": "testProp",
              "overwrites": undefined,
              "signatures": undefined,
              "sources": undefined,
              "type": Object {
                "name": "number",
                "type": "intrinsic",
              },
              "typeParameter": undefined,
            },
            Object {
              "categories": undefined,
              "children": undefined,
              "comment": undefined,
              "decorates": undefined,
              "decorators": undefined,
              "defaultValue": undefined,
              "extendedBy": undefined,
              "extendedTypes": undefined,
              "flags": Object {},
              "groups": undefined,
              "id": 24,
              "implementationOf": undefined,
              "implementedBy": undefined,
              "implementedTypes": undefined,
              "indexSignature": undefined,
              "inheritedFrom": undefined,
              "kind": 2048,
              "kindString": "Method",
              "name": "testMethod",
              "overwrites": undefined,
              "sources": Array [
                Object {
                  "character": 4,
                  "fileName": "engine-internal.ts",
                  "line": 46,
                },
              ],
              "type": undefined,
              "typeParameter": undefined,
            },
          ],
          "comment": undefined,
          "decorates": undefined,
          "decorators": undefined,
          "defaultValue": undefined,
          "extendedBy": undefined,
          "extendedTypes": undefined,
          "flags": Object {},
          "groups": Array [
            Object {
              "children": Array [
                23,
              ],
              "kind": 1024,
              "title": "Properties",
            },
            Object {
              "children": Array [
                24,
              ],
              "kind": 2048,
              "title": "Methods",
            },
          ],
          "id": 22,
          "implementationOf": undefined,
          "implementedBy": undefined,
          "implementedTypes": undefined,
          "indexSignature": undefined,
          "inheritedFrom": undefined,
          "kind": 65536,
          "kindString": "Type literal",
          "name": "__type",
          "overwrites": undefined,
          "signatures": undefined,
          "sources": undefined,
          "type": undefined,
          "typeParameter": undefined,
        },
        "type": "reflection",
      },
      "typeParameter": undefined,
    },
    Object {
      "categories": undefined,
      "children": undefined,
      "comment": undefined,
      "decorates": undefined,
      "decorators": undefined,
      "defaultValue": undefined,
      "extendedBy": undefined,
      "extendedTypes": undefined,
      "flags": Object {},
      "groups": undefined,
      "id": 1,
      "implementationOf": undefined,
      "implementedBy": undefined,
      "implementedTypes": undefined,
      "indexSignature": undefined,
      "inheritedFrom": undefined,
      "kind": 64,
      "kindString": "Function",
      "name": "testFunc",
      "overwrites": undefined,
      "sources": Array [
        Object {
          "character": 16,
          "fileName": "engine-internal.ts",
          "line": 69,
        },
      ],
      "type": undefined,
      "typeParameter": undefined,
    },
  ],
  "comment": undefined,
  "decorates": undefined,
  "decorators": undefined,
  "flags": Object {},
  "groups": Array [
    Object {
      "children": Array [
        31,
      ],
      "kind": 8,
      "title": "Enumerations",
    },
    Object {
      "children": Array [
        3,
        6,
      ],
      "kind": 128,
      "title": "Classes",
    },
    Object {
      "children": Array [
        26,
        27,
      ],
      "kind": 256,
      "title": "Interfaces",
    },
    Object {
      "children": Array [
        19,
        21,
      ],
      "kind": 32,
      "title": "Variables",
    },
    Object {
      "children": Array [
        1,
      ],
      "kind": 64,
      "title": "Functions",
    },
  ],
  "id": 0,
  "kind": 1,
  "kindString": "Project",
  "name": "typedoc-plugin-cc",
  "originalName": "",
  "sources": Array [
    Object {
      "character": 0,
      "fileName": "engine-internal.ts",
      "line": 4,
    },
  ],
}
`;
