// Jest Snapshot v1, https://goo.gl/fbAQLP

exports[`fix type arguments 1`] = `
Object {
  "categories": undefined,
  "ccCategories": Array [],
  "children": Array [
    Object {
      "categories": undefined,
      "children": Array [
        Object {
          "categories": undefined,
          "children": undefined,
          "comment": undefined,
          "decorates": undefined,
          "decorators": undefined,
          "defaultValue": undefined,
          "extendedBy": undefined,
          "extendedTypes": undefined,
          "flags": Object {},
          "groups": undefined,
          "id": 6,
          "implementationOf": undefined,
          "implementedBy": undefined,
          "implementedTypes": undefined,
          "indexSignature": undefined,
          "inheritedFrom": undefined,
          "kind": 512,
          "kindString": "Constructor",
          "name": "constructor",
          "overwrites": undefined,
          "signatures": Array [
            Object {
              "comment": undefined,
              "decorates": undefined,
              "decorators": undefined,
              "flags": Object {},
              "id": 7,
              "implementationOf": undefined,
              "inheritedFrom": undefined,
              "kind": 16384,
              "kindString": "Constructor signature",
              "name": "new A",
              "overwrites": undefined,
              "parameters": undefined,
              "type": Object {
                "id": 5,
                "name": "A",
                "type": "reference",
              },
              "typeParameter": undefined,
            },
          ],
          "sources": undefined,
          "type": undefined,
          "typeParameter": undefined,
        },
      ],
      "comment": undefined,
      "decorates": undefined,
      "decorators": undefined,
      "defaultValue": undefined,
      "extendedBy": undefined,
      "extendedTypes": undefined,
      "flags": Object {},
      "groups": Array [
        Object {
          "children": Array [
            6,
          ],
          "kind": 512,
          "title": "Constructors",
        },
      ],
      "id": 5,
      "implementationOf": undefined,
      "implementedBy": undefined,
      "implementedTypes": undefined,
      "indexSignature": undefined,
      "inheritedFrom": undefined,
      "kind": 128,
      "kindString": "Class",
      "name": "A",
      "overwrites": undefined,
      "signatures": undefined,
      "sources": Array [
        Object {
          "character": 13,
          "fileName": "fix-type-arguments.ts",
          "line": 1,
        },
      ],
      "type": undefined,
      "typeParameter": undefined,
    },
    Object {
      "categories": undefined,
      "children": undefined,
      "comment": undefined,
      "decorates": undefined,
      "decorators": undefined,
      "defaultValue": undefined,
      "extendedBy": undefined,
      "extendedTypes": undefined,
      "flags": Object {},
      "groups": undefined,
      "id": 1,
      "implementationOf": undefined,
      "implementedBy": undefined,
      "implementedTypes": undefined,
      "indexSignature": undefined,
      "inheritedFrom": undefined,
      "kind": 64,
      "kindString": "Function",
      "name": "test",
      "overwrites": undefined,
      "signatures": Array [
        Object {
          "comment": undefined,
          "decorates": undefined,
          "decorators": undefined,
          "flags": Object {},
          "id": 2,
          "implementationOf": undefined,
          "inheritedFrom": undefined,
          "kind": 4096,
          "kindString": "Call signature",
          "name": "test",
          "overwrites": undefined,
          "parameters": Array [
            Object {
              "comment": undefined,
              "decorates": undefined,
              "decorators": undefined,
              "defaultValue": undefined,
              "flags": Object {},
              "id": 4,
              "kind": 32768,
              "kindString": "Parameter",
              "name": "t",
              "type": Object {
                "id": 5,
                "name": "A",
                "type": "reference",
              },
            },
          ],
          "type": Object {
            "name": "Record",
            "package": "typescript",
            "qualifiedName": "Record",
            "type": "reference",
            "typeArguments": Array [
              Object {
                "name": "string",
                "type": "intrinsic",
              },
              Object {
                "id": 3,
                "name": "T",
                "type": "reference",
              },
            ],
          },
          "typeParameter": Array [
            Object {
              "comment": undefined,
              "decorates": undefined,
              "decorators": undefined,
              "default": undefined,
              "flags": Object {},
              "id": 3,
              "kind": 131072,
              "kindString": "Type parameter",
              "name": "T",
              "type": Object {
                "id": 5,
                "name": "A",
                "type": "reference",
              },
            },
          ],
        },
      ],
      "sources": Array [
        Object {
          "character": 16,
          "fileName": "fix-type-arguments.ts",
          "line": 3,
        },
      ],
      "type": undefined,
      "typeParameter": undefined,
    },
  ],
  "comment": undefined,
  "decorates": undefined,
  "decorators": undefined,
  "flags": Object {},
  "groups": Array [
    Object {
      "children": Array [
        5,
      ],
      "kind": 128,
      "title": "Classes",
    },
    Object {
      "children": Array [
        1,
      ],
      "kind": 64,
      "title": "Functions",
    },
  ],
  "id": 0,
  "kind": 1,
  "kindString": "Project",
  "name": "typedoc-plugin-cc",
  "originalName": "",
  "sources": Array [
    Object {
      "character": 0,
      "fileName": "fix-type-arguments.ts",
      "line": 1,
    },
  ],
}
`;
