// Jest Snapshot v1, https://goo.gl/fbAQLP

exports[`Test 1`] = `
Object {
  "categories": undefined,
  "ccCategories": Array [
    Object {
      "description": Object {
        "en": "Math related.",
        "zh": "数学相关。",
      },
      "items": Array [
        1,
        2,
        4,
        9,
        14,
        17,
        18,
        20,
        30,
        32,
        39,
        40,
        42,
      ],
      "title": Object {
        "en": "math",
        "zh": "数学",
      },
    },
    Object {
      "description": Object {
        "en": "Merged.",
        "zh": "合并的.",
      },
      "items": Array [
        24,
        27,
      ],
      "title": Object {
        "en": "Merged",
        "zh": "合并的",
      },
    },
  ],
  "children": Array [
    Object {
      "categories": undefined,
      "children": undefined,
      "comment": undefined,
      "decorates": undefined,
      "decorators": undefined,
      "defaultValue": undefined,
      "extendedBy": undefined,
      "extendedTypes": undefined,
      "flags": Object {},
      "groups": undefined,
      "id": 37,
      "implementationOf": undefined,
      "implementedBy": undefined,
      "implementedTypes": undefined,
      "indexSignature": undefined,
      "inheritedFrom": undefined,
      "kind": 16777216,
      "kindString": "Reference",
      "name": "XXVec3",
      "overwrites": undefined,
      "signatures": undefined,
      "sources": Array [
        Object {
          "character": 9,
          "fileName": "core/math/index.ts",
          "line": 2,
        },
      ],
      "target": 9,
      "type": undefined,
      "typeParameter": undefined,
    },
    Object {
      "categories": undefined,
      "children": undefined,
      "comment": undefined,
      "decorates": undefined,
      "decorators": undefined,
      "defaultValue": undefined,
      "extendedBy": undefined,
      "extendedTypes": undefined,
      "flags": Object {},
      "groups": undefined,
      "id": 38,
      "implementationOf": undefined,
      "implementedBy": undefined,
      "implementedTypes": undefined,
      "indexSignature": undefined,
      "inheritedFrom": undefined,
      "kind": 16777216,
      "kindString": "Reference",
      "name": "XXVec4",
      "overwrites": undefined,
      "signatures": undefined,
      "sources": Array [
        Object {
          "character": 9,
          "fileName": "core/math/index.ts",
          "line": 3,
        },
      ],
      "target": 14,
      "type": undefined,
      "typeParameter": undefined,
    },
    Object {
      "categories": undefined,
      "children": Array [
        Object {
          "categories": undefined,
          "children": Array [
            Object {
              "categories": undefined,
              "children": undefined,
              "comment": undefined,
              "decorates": undefined,
              "decorators": undefined,
              "defaultValue": "0",
              "extendedBy": undefined,
              "extendedTypes": undefined,
              "flags": Object {},
              "groups": undefined,
              "id": 21,
              "implementationOf": undefined,
              "implementedBy": undefined,
              "implementedTypes": undefined,
              "indexSignature": undefined,
              "inheritedFrom": undefined,
              "kind": 16,
              "kindString": "Enumeration member",
              "name": "XXEnumMember1",
              "overwrites": undefined,
              "signatures": undefined,
              "sources": Array [
                Object {
                  "character": 22,
                  "fileName": "core/math/index.ts",
                  "line": 17,
                },
              ],
              "type": undefined,
              "typeParameter": undefined,
            },
            Object {
              "categories": undefined,
              "children": undefined,
              "comment": undefined,
              "decorates": undefined,
              "decorators": undefined,
              "defaultValue": "1",
              "extendedBy": undefined,
              "extendedTypes": undefined,
              "flags": Object {},
              "groups": undefined,
              "id": 22,
              "implementationOf": undefined,
              "implementedBy": undefined,
              "implementedTypes": undefined,
              "indexSignature": undefined,
              "inheritedFrom": undefined,
              "kind": 16,
              "kindString": "Enumeration member",
              "name": "XXEnumMember2",
              "overwrites": undefined,
              "signatures": undefined,
              "sources": Array [
                Object {
                  "character": 37,
                  "fileName": "core/math/index.ts",
                  "line": 17,
                },
              ],
              "type": undefined,
              "typeParameter": undefined,
            },
            Object {
              "categories": undefined,
              "children": undefined,
              "comment": undefined,
              "decorates": undefined,
              "decorators": undefined,
              "defaultValue": "2",
              "extendedBy": undefined,
              "extendedTypes": undefined,
              "flags": Object {},
              "groups": undefined,
              "id": 23,
              "implementationOf": undefined,
              "implementedBy": undefined,
              "implementedTypes": undefined,
              "indexSignature": undefined,
              "inheritedFrom": undefined,
              "kind": 16,
              "kindString": "Enumeration member",
              "name": "XXEnumMember3",
              "overwrites": undefined,
              "signatures": undefined,
              "sources": Array [
                Object {
                  "character": 52,
                  "fileName": "core/math/index.ts",
                  "line": 17,
                },
              ],
              "type": undefined,
              "typeParameter": undefined,
            },
          ],
          "comment": undefined,
          "decorates": undefined,
          "decorators": undefined,
          "defaultValue": undefined,
          "extendedBy": undefined,
          "extendedTypes": undefined,
          "flags": Object {},
          "groups": Array [
            Object {
              "children": Array [
                21,
                22,
                23,
              ],
              "kind": 16,
              "title": "Enumeration members",
            },
          ],
          "id": 20,
          "implementationOf": undefined,
          "implementedBy": undefined,
          "implementedTypes": undefined,
          "indexSignature": undefined,
          "inheritedFrom": undefined,
          "kind": 8,
          "kindString": "Enumeration",
          "name": "XXEnum",
          "overwrites": undefined,
          "signatures": undefined,
          "sources": Array [
            Object {
              "character": 12,
              "fileName": "core/math/index.ts",
              "line": 17,
            },
          ],
          "type": undefined,
          "typeParameter": undefined,
        },
        Object {
          "categories": undefined,
          "children": Array [
            Object {
              "categories": undefined,
              "children": undefined,
              "comment": undefined,
              "decorates": undefined,
              "decorators": undefined,
              "defaultValue": undefined,
              "extendedBy": undefined,
              "extendedTypes": undefined,
              "flags": Object {},
              "groups": undefined,
              "id": 10,
              "implementationOf": undefined,
              "implementedBy": undefined,
              "implementedTypes": undefined,
              "indexSignature": undefined,
              "inheritedFrom": undefined,
              "kind": 512,
              "kindString": "Constructor",
              "name": "constructor",
              "overwrites": undefined,
              "signatures": Array [
                Object {
                  "comment": undefined,
                  "decorates": undefined,
                  "decorators": undefined,
                  "flags": Object {},
                  "id": 11,
                  "implementationOf": undefined,
                  "inheritedFrom": undefined,
                  "kind": 16384,
                  "kindString": "Constructor signature",
                  "name": "new XXVec3",
                  "overwrites": undefined,
                  "parameters": undefined,
                  "type": Object {
                    "id": 9,
                    "name": "XXVec3",
                    "type": "reference",
                  },
                  "typeParameter": undefined,
                },
              ],
              "sources": undefined,
              "type": undefined,
              "typeParameter": undefined,
            },
            Object {
              "categories": undefined,
              "children": undefined,
              "comment": undefined,
              "decorates": undefined,
              "decorators": undefined,
              "defaultValue": undefined,
              "extendedBy": undefined,
              "extendedTypes": undefined,
              "flags": Object {},
              "groups": undefined,
              "id": 12,
              "implementationOf": undefined,
              "implementedBy": undefined,
              "implementedTypes": undefined,
              "indexSignature": undefined,
              "inheritedFrom": undefined,
              "kind": 2048,
              "kindString": "Method",
              "name": "_internalMethod",
              "overwrites": undefined,
              "signatures": Array [
                Object {
                  "comment": Object {
                    "tags": Array [
                      Object {
                        "tag": "deprecated",
                        "text": "since v3.5.0, this is an engine private interface that will be removed in the future.
",
                      },
                    ],
                  },
                  "decorates": undefined,
                  "decorators": undefined,
                  "flags": Object {},
                  "id": 13,
                  "implementationOf": undefined,
                  "inheritedFrom": undefined,
                  "kind": 4096,
                  "kindString": "Call signature",
                  "name": "_internalMethod",
                  "overwrites": undefined,
                  "parameters": undefined,
                  "type": Object {
                    "name": "void",
                    "type": "intrinsic",
                  },
                  "typeParameter": undefined,
                },
              ],
              "sources": Array [
                Object {
                  "character": 4,
                  "fileName": "core/math/vec3.ts",
                  "line": 6,
                },
              ],
              "type": undefined,
              "typeParameter": undefined,
            },
          ],
          "comment": undefined,
          "decorates": undefined,
          "decorators": undefined,
          "defaultValue": undefined,
          "extendedBy": undefined,
          "extendedTypes": undefined,
          "flags": Object {},
          "groups": Array [
            Object {
              "children": Array [
                10,
              ],
              "kind": 512,
              "title": "Constructors",
            },
            Object {
              "children": Array [
                12,
              ],
              "kind": 2048,
              "title": "Methods",
            },
          ],
          "id": 9,
          "implementationOf": undefined,
          "implementedBy": undefined,
          "implementedTypes": undefined,
          "indexSignature": undefined,
          "inheritedFrom": undefined,
          "kind": 128,
          "kindString": "Class",
          "name": "XXVec3",
          "overwrites": undefined,
          "signatures": undefined,
          "sources": Array [
            Object {
              "character": 13,
              "fileName": "core/math/vec3.ts",
              "line": 2,
            },
          ],
          "type": undefined,
          "typeParameter": undefined,
        },
        Object {
          "categories": undefined,
          "children": Array [
            Object {
              "categories": undefined,
              "children": undefined,
              "comment": undefined,
              "decorates": undefined,
              "decorators": undefined,
              "defaultValue": undefined,
              "extendedBy": undefined,
              "extendedTypes": undefined,
              "flags": Object {},
              "groups": undefined,
              "id": 15,
              "implementationOf": undefined,
              "implementedBy": undefined,
              "implementedTypes": undefined,
              "indexSignature": undefined,
              "inheritedFrom": undefined,
              "kind": 512,
              "kindString": "Constructor",
              "name": "constructor",
              "overwrites": undefined,
              "signatures": Array [
                Object {
                  "comment": undefined,
                  "decorates": undefined,
                  "decorators": undefined,
                  "flags": Object {},
                  "id": 16,
                  "implementationOf": undefined,
                  "inheritedFrom": undefined,
                  "kind": 16384,
                  "kindString": "Constructor signature",
                  "name": "new XXVec4",
                  "overwrites": undefined,
                  "parameters": undefined,
                  "type": Object {
                    "id": 14,
                    "name": "XXVec4",
                    "type": "reference",
                  },
                  "typeParameter": undefined,
                },
              ],
              "sources": undefined,
              "type": undefined,
              "typeParameter": undefined,
            },
          ],
          "comment": undefined,
          "decorates": undefined,
          "decorators": undefined,
          "defaultValue": undefined,
          "extendedBy": undefined,
          "extendedTypes": undefined,
          "flags": Object {},
          "groups": Array [
            Object {
              "children": Array [
                15,
              ],
              "kind": 512,
              "title": "Constructors",
            },
          ],
          "id": 14,
          "implementationOf": undefined,
          "implementedBy": undefined,
          "implementedTypes": undefined,
          "indexSignature": undefined,
          "inheritedFrom": undefined,
          "kind": 128,
          "kindString": "Class",
          "name": "XXVec4",
          "overwrites": undefined,
          "signatures": undefined,
          "sources": Array [
            Object {
              "character": 13,
              "fileName": "core/math/vec4.ts",
              "line": 2,
            },
          ],
          "type": undefined,
          "typeParameter": undefined,
        },
        Object {
          "categories": undefined,
          "children": Array [
            Object {
              "categories": undefined,
              "children": undefined,
              "comment": undefined,
              "decorates": undefined,
              "decorators": undefined,
              "defaultValue": undefined,
              "extendedBy": undefined,
              "extendedTypes": undefined,
              "flags": Object {},
              "groups": undefined,
              "id": 19,
              "implementationOf": undefined,
              "implementedBy": undefined,
              "implementedTypes": undefined,
              "indexSignature": undefined,
              "inheritedFrom": undefined,
              "kind": 1024,
              "kindString": "Property",
              "name": "xxInterfaceMember1",
              "overwrites": undefined,
              "signatures": undefined,
              "sources": Array [
                Object {
                  "character": 4,
                  "fileName": "core/math/index.ts",
                  "line": 14,
                },
              ],
              "type": Object {
                "name": "number",
                "type": "intrinsic",
              },
              "typeParameter": undefined,
            },
          ],
          "comment": undefined,
          "decorates": undefined,
          "decorators": undefined,
          "defaultValue": undefined,
          "extendedBy": undefined,
          "extendedTypes": undefined,
          "flags": Object {},
          "groups": Array [
            Object {
              "children": Array [
                19,
              ],
              "kind": 1024,
              "title": "Properties",
            },
          ],
          "id": 18,
          "implementationOf": undefined,
          "implementedBy": undefined,
          "implementedTypes": undefined,
          "indexSignature": undefined,
          "inheritedFrom": undefined,
          "kind": 256,
          "kindString": "Interface",
          "name": "XXInterface",
          "overwrites": undefined,
          "signatures": undefined,
          "sources": Array [
            Object {
              "character": 17,
              "fileName": "core/math/index.ts",
              "line": 13,
            },
          ],
          "type": undefined,
          "typeParameter": undefined,
        },
        Object {
          "categories": undefined,
          "children": undefined,
          "comment": undefined,
          "decorates": undefined,
          "decorators": undefined,
          "defaultValue": "0.0",
          "extendedBy": undefined,
          "extendedTypes": undefined,
          "flags": Object {
            "isConst": true,
          },
          "groups": undefined,
          "id": 17,
          "implementationOf": undefined,
          "implementedBy": undefined,
          "implementedTypes": undefined,
          "indexSignature": undefined,
          "inheritedFrom": undefined,
          "kind": 32,
          "kindString": "Variable",
          "name": "xxVariable",
          "overwrites": undefined,
          "signatures": undefined,
          "sources": Array [
            Object {
              "character": 13,
              "fileName": "core/math/index.ts",
              "line": 5,
            },
          ],
          "type": Object {
            "type": "literal",
            "value": 0,
          },
          "typeParameter": undefined,
        },
        Object {
          "categories": undefined,
          "children": undefined,
          "comment": undefined,
          "decorates": undefined,
          "decorators": undefined,
          "defaultValue": undefined,
          "extendedBy": undefined,
          "extendedTypes": undefined,
          "flags": Object {},
          "groups": undefined,
          "id": 2,
          "implementationOf": undefined,
          "implementedBy": undefined,
          "implementedTypes": undefined,
          "indexSignature": undefined,
          "inheritedFrom": undefined,
          "kind": 64,
          "kindString": "Function",
          "name": "xxFn",
          "overwrites": undefined,
          "signatures": Array [
            Object {
              "comment": undefined,
              "decorates": undefined,
              "decorators": undefined,
              "flags": Object {},
              "id": 3,
              "implementationOf": undefined,
              "inheritedFrom": undefined,
              "kind": 4096,
              "kindString": "Call signature",
              "name": "xxFn",
              "overwrites": undefined,
              "parameters": undefined,
              "type": Object {
                "name": "void",
                "type": "intrinsic",
              },
              "typeParameter": undefined,
            },
          ],
          "sources": Array [
            Object {
              "character": 16,
              "fileName": "core/math/index.ts",
              "line": 7,
            },
          ],
          "type": undefined,
          "typeParameter": undefined,
        },
        Object {
          "categories": undefined,
          "children": undefined,
          "comment": undefined,
          "decorates": undefined,
          "decorators": undefined,
          "defaultValue": undefined,
          "extendedBy": undefined,
          "extendedTypes": undefined,
          "flags": Object {},
          "groups": undefined,
          "id": 4,
          "implementationOf": undefined,
          "implementedBy": undefined,
          "implementedTypes": undefined,
          "indexSignature": undefined,
          "inheritedFrom": undefined,
          "kind": 64,
          "kindString": "Function",
          "name": "xxFunctionWithMultiSignature",
          "overwrites": undefined,
          "signatures": Array [
            Object {
              "comment": undefined,
              "decorates": undefined,
              "decorators": undefined,
              "flags": Object {},
              "id": 5,
              "implementationOf": undefined,
              "inheritedFrom": undefined,
              "kind": 4096,
              "kindString": "Call signature",
              "name": "xxFunctionWithMultiSignature",
              "overwrites": undefined,
              "parameters": Array [
                Object {
                  "comment": undefined,
                  "decorates": undefined,
                  "decorators": undefined,
                  "defaultValue": undefined,
                  "flags": Object {},
                  "id": 6,
                  "kind": 32768,
                  "kindString": "Parameter",
                  "name": "p",
                  "type": Object {
                    "name": "string",
                    "type": "intrinsic",
                  },
                },
              ],
              "type": Object {
                "name": "void",
                "type": "intrinsic",
              },
              "typeParameter": undefined,
            },
            Object {
              "comment": undefined,
              "decorates": undefined,
              "decorators": undefined,
              "flags": Object {},
              "id": 7,
              "implementationOf": undefined,
              "inheritedFrom": undefined,
              "kind": 4096,
              "kindString": "Call signature",
              "name": "xxFunctionWithMultiSignature",
              "overwrites": undefined,
              "parameters": Array [
                Object {
                  "comment": undefined,
                  "decorates": undefined,
                  "decorators": undefined,
                  "defaultValue": undefined,
                  "flags": Object {},
                  "id": 8,
                  "kind": 32768,
                  "kindString": "Parameter",
                  "name": "p",
                  "type": Object {
                    "name": "number",
                    "type": "intrinsic",
                  },
                },
              ],
              "type": Object {
                "name": "void",
                "type": "intrinsic",
              },
              "typeParameter": undefined,
            },
          ],
          "sources": Array [
            Object {
              "character": 16,
              "fileName": "core/math/index.ts",
              "line": 9,
            },
          ],
          "type": undefined,
          "typeParameter": undefined,
        },
      ],
      "comment": undefined,
      "decorates": undefined,
      "decorators": undefined,
      "defaultValue": undefined,
      "extendedBy": undefined,
      "extendedTypes": undefined,
      "flags": Object {},
      "groups": Array [
        Object {
          "children": Array [
            20,
          ],
          "kind": 8,
          "title": "Enumerations",
        },
        Object {
          "children": Array [
            9,
            14,
          ],
          "kind": 128,
          "title": "Classes",
        },
        Object {
          "children": Array [
            18,
          ],
          "kind": 256,
          "title": "Interfaces",
        },
        Object {
          "children": Array [
            17,
          ],
          "kind": 32,
          "title": "Variables",
        },
        Object {
          "children": Array [
            2,
            4,
          ],
          "kind": 64,
          "title": "Functions",
        },
      ],
      "id": 1,
      "implementationOf": undefined,
      "implementedBy": undefined,
      "implementedTypes": undefined,
      "indexSignature": undefined,
      "inheritedFrom": undefined,
      "kind": 4,
      "kindString": "Namespace",
      "name": "math",
      "overwrites": undefined,
      "signatures": undefined,
      "sources": Array [
        Object {
          "character": 0,
          "fileName": "core/math/index.ts",
          "line": 2,
        },
      ],
      "type": undefined,
      "typeParameter": undefined,
    },
    Object {
      "categories": undefined,
      "children": Array [
        Object {
          "categories": undefined,
          "children": undefined,
          "comment": undefined,
          "decorates": undefined,
          "decorators": undefined,
          "defaultValue": "0",
          "extendedBy": undefined,
          "extendedTypes": undefined,
          "flags": Object {},
          "groups": undefined,
          "id": 43,
          "implementationOf": undefined,
          "implementedBy": undefined,
          "implementedTypes": undefined,
          "indexSignature": undefined,
          "inheritedFrom": undefined,
          "kind": 16,
          "kindString": "Enumeration member",
          "name": "XXEnumMember1",
          "overwrites": undefined,
          "signatures": undefined,
          "sources": Array [
            Object {
              "character": 22,
              "fileName": "core/math/index.ts",
              "line": 17,
            },
          ],
          "type": undefined,
          "typeParameter": undefined,
        },
        Object {
          "categories": undefined,
          "children": undefined,
          "comment": undefined,
          "decorates": undefined,
          "decorators": undefined,
          "defaultValue": "1",
          "extendedBy": undefined,
          "extendedTypes": undefined,
          "flags": Object {},
          "groups": undefined,
          "id": 44,
          "implementationOf": undefined,
          "implementedBy": undefined,
          "implementedTypes": undefined,
          "indexSignature": undefined,
          "inheritedFrom": undefined,
          "kind": 16,
          "kindString": "Enumeration member",
          "name": "XXEnumMember2",
          "overwrites": undefined,
          "signatures": undefined,
          "sources": Array [
            Object {
              "character": 37,
              "fileName": "core/math/index.ts",
              "line": 17,
            },
          ],
          "type": undefined,
          "typeParameter": undefined,
        },
        Object {
          "categories": undefined,
          "children": undefined,
          "comment": undefined,
          "decorates": undefined,
          "decorators": undefined,
          "defaultValue": "2",
          "extendedBy": undefined,
          "extendedTypes": undefined,
          "flags": Object {},
          "groups": undefined,
          "id": 45,
          "implementationOf": undefined,
          "implementedBy": undefined,
          "implementedTypes": undefined,
          "indexSignature": undefined,
          "inheritedFrom": undefined,
          "kind": 16,
          "kindString": "Enumeration member",
          "name": "XXEnumMember3",
          "overwrites": undefined,
          "signatures": undefined,
          "sources": Array [
            Object {
              "character": 52,
              "fileName": "core/math/index.ts",
              "line": 17,
            },
          ],
          "type": undefined,
          "typeParameter": undefined,
        },
      ],
      "comment": undefined,
      "decorates": undefined,
      "decorators": undefined,
      "defaultValue": undefined,
      "extendedBy": undefined,
      "extendedTypes": undefined,
      "flags": Object {},
      "groups": Array [
        Object {
          "children": Array [
            43,
            44,
            45,
          ],
          "kind": 16,
          "title": "Enumeration members",
        },
      ],
      "id": 42,
      "implementationOf": undefined,
      "implementedBy": undefined,
      "implementedTypes": undefined,
      "indexSignature": undefined,
      "inheritedFrom": undefined,
      "kind": 8,
      "kindString": "Enumeration",
      "name": "XXEnum",
      "overwrites": undefined,
      "signatures": undefined,
      "sources": Array [
        Object {
          "character": 12,
          "fileName": "core/math/index.ts",
          "line": 17,
        },
      ],
      "type": undefined,
      "typeParameter": undefined,
    },
    Object {
      "categories": undefined,
      "children": Array [
        Object {
          "categories": undefined,
          "children": undefined,
          "comment": undefined,
          "decorates": undefined,
          "decorators": undefined,
          "defaultValue": undefined,
          "extendedBy": undefined,
          "extendedTypes": undefined,
          "flags": Object {},
          "groups": undefined,
          "id": 25,
          "implementationOf": undefined,
          "implementedBy": undefined,
          "implementedTypes": undefined,
          "indexSignature": undefined,
          "inheritedFrom": undefined,
          "kind": 512,
          "kindString": "Constructor",
          "name": "constructor",
          "overwrites": undefined,
          "signatures": Array [
            Object {
              "comment": undefined,
              "decorates": undefined,
              "decorators": undefined,
              "flags": Object {},
              "id": 26,
              "implementationOf": undefined,
              "inheritedFrom": undefined,
              "kind": 16384,
              "kindString": "Constructor signature",
              "name": "new MergePart1",
              "overwrites": undefined,
              "parameters": undefined,
              "type": Object {
                "id": 24,
                "name": "MergePart1",
                "type": "reference",
              },
              "typeParameter": undefined,
            },
          ],
          "sources": undefined,
          "type": undefined,
          "typeParameter": undefined,
        },
      ],
      "comment": undefined,
      "decorates": undefined,
      "decorators": undefined,
      "defaultValue": undefined,
      "extendedBy": undefined,
      "extendedTypes": undefined,
      "flags": Object {},
      "groups": Array [
        Object {
          "children": Array [
            25,
          ],
          "kind": 512,
          "title": "Constructors",
        },
      ],
      "id": 24,
      "implementationOf": undefined,
      "implementedBy": undefined,
      "implementedTypes": undefined,
      "indexSignature": undefined,
      "inheritedFrom": undefined,
      "kind": 128,
      "kindString": "Class",
      "name": "MergePart1",
      "overwrites": undefined,
      "signatures": undefined,
      "sources": Array [
        Object {
          "character": 13,
          "fileName": "core/merge-part-1/index.ts",
          "line": 1,
        },
      ],
      "type": undefined,
      "typeParameter": undefined,
    },
    Object {
      "categories": undefined,
      "children": Array [
        Object {
          "categories": undefined,
          "children": undefined,
          "comment": undefined,
          "decorates": undefined,
          "decorators": undefined,
          "defaultValue": undefined,
          "extendedBy": undefined,
          "extendedTypes": undefined,
          "flags": Object {},
          "groups": undefined,
          "id": 28,
          "implementationOf": undefined,
          "implementedBy": undefined,
          "implementedTypes": undefined,
          "indexSignature": undefined,
          "inheritedFrom": undefined,
          "kind": 512,
          "kindString": "Constructor",
          "name": "constructor",
          "overwrites": undefined,
          "signatures": Array [
            Object {
              "comment": undefined,
              "decorates": undefined,
              "decorators": undefined,
              "flags": Object {},
              "id": 29,
              "implementationOf": undefined,
              "inheritedFrom": undefined,
              "kind": 16384,
              "kindString": "Constructor signature",
              "name": "new MergePart2",
              "overwrites": undefined,
              "parameters": undefined,
              "type": Object {
                "id": 27,
                "name": "MergePart2",
                "type": "reference",
              },
              "typeParameter": undefined,
            },
          ],
          "sources": undefined,
          "type": undefined,
          "typeParameter": undefined,
        },
      ],
      "comment": undefined,
      "decorates": undefined,
      "decorators": undefined,
      "defaultValue": undefined,
      "extendedBy": undefined,
      "extendedTypes": undefined,
      "flags": Object {},
      "groups": Array [
        Object {
          "children": Array [
            28,
          ],
          "kind": 512,
          "title": "Constructors",
        },
      ],
      "id": 27,
      "implementationOf": undefined,
      "implementedBy": undefined,
      "implementedTypes": undefined,
      "indexSignature": undefined,
      "inheritedFrom": undefined,
      "kind": 128,
      "kindString": "Class",
      "name": "MergePart2",
      "overwrites": undefined,
      "signatures": undefined,
      "sources": Array [
        Object {
          "character": 13,
          "fileName": "core/merge-part-2/index.ts",
          "line": 1,
        },
      ],
      "type": undefined,
      "typeParameter": undefined,
    },
    Object {
      "categories": undefined,
      "children": Array [
        Object {
          "categories": undefined,
          "children": undefined,
          "comment": undefined,
          "decorates": undefined,
          "decorators": undefined,
          "defaultValue": undefined,
          "extendedBy": undefined,
          "extendedTypes": undefined,
          "flags": Object {},
          "groups": undefined,
          "id": 41,
          "implementationOf": undefined,
          "implementedBy": undefined,
          "implementedTypes": undefined,
          "indexSignature": undefined,
          "inheritedFrom": undefined,
          "kind": 1024,
          "kindString": "Property",
          "name": "xxInterfaceMember1",
          "overwrites": undefined,
          "signatures": undefined,
          "sources": Array [
            Object {
              "character": 4,
              "fileName": "core/math/index.ts",
              "line": 14,
            },
          ],
          "type": Object {
            "name": "number",
            "type": "intrinsic",
          },
          "typeParameter": undefined,
        },
      ],
      "comment": undefined,
      "decorates": undefined,
      "decorators": undefined,
      "defaultValue": undefined,
      "extendedBy": undefined,
      "extendedTypes": undefined,
      "flags": Object {},
      "groups": Array [
        Object {
          "children": Array [
            41,
          ],
          "kind": 1024,
          "title": "Properties",
        },
      ],
      "id": 40,
      "implementationOf": undefined,
      "implementedBy": undefined,
      "implementedTypes": undefined,
      "indexSignature": undefined,
      "inheritedFrom": undefined,
      "kind": 256,
      "kindString": "Interface",
      "name": "XXInterface",
      "overwrites": undefined,
      "signatures": undefined,
      "sources": Array [
        Object {
          "character": 17,
          "fileName": "core/math/index.ts",
          "line": 13,
        },
      ],
      "type": undefined,
      "typeParameter": undefined,
    },
    Object {
      "categories": undefined,
      "children": undefined,
      "comment": undefined,
      "decorates": undefined,
      "decorators": undefined,
      "defaultValue": "0.0",
      "extendedBy": undefined,
      "extendedTypes": undefined,
      "flags": Object {
        "isConst": true,
      },
      "groups": undefined,
      "id": 39,
      "implementationOf": undefined,
      "implementedBy": undefined,
      "implementedTypes": undefined,
      "indexSignature": undefined,
      "inheritedFrom": undefined,
      "kind": 32,
      "kindString": "Variable",
      "name": "xxVariable",
      "overwrites": undefined,
      "signatures": undefined,
      "sources": Array [
        Object {
          "character": 13,
          "fileName": "core/math/index.ts",
          "line": 5,
        },
      ],
      "type": Object {
        "type": "literal",
        "value": 0,
      },
      "typeParameter": undefined,
    },
    Object {
      "categories": undefined,
      "children": undefined,
      "comment": undefined,
      "decorates": undefined,
      "decorators": undefined,
      "defaultValue": undefined,
      "extendedBy": undefined,
      "extendedTypes": undefined,
      "flags": Object {},
      "groups": undefined,
      "id": 30,
      "implementationOf": undefined,
      "implementedBy": undefined,
      "implementedTypes": undefined,
      "indexSignature": undefined,
      "inheritedFrom": undefined,
      "kind": 64,
      "kindString": "Function",
      "name": "xxFn",
      "overwrites": undefined,
      "signatures": Array [
        Object {
          "comment": undefined,
          "decorates": undefined,
          "decorators": undefined,
          "flags": Object {},
          "id": 31,
          "implementationOf": undefined,
          "inheritedFrom": undefined,
          "kind": 4096,
          "kindString": "Call signature",
          "name": "xxFn",
          "overwrites": undefined,
          "parameters": undefined,
          "type": Object {
            "name": "void",
            "type": "intrinsic",
          },
          "typeParameter": undefined,
        },
      ],
      "sources": Array [
        Object {
          "character": 16,
          "fileName": "core/math/index.ts",
          "line": 7,
        },
      ],
      "type": undefined,
      "typeParameter": undefined,
    },
    Object {
      "categories": undefined,
      "children": undefined,
      "comment": undefined,
      "decorates": undefined,
      "decorators": undefined,
      "defaultValue": undefined,
      "extendedBy": undefined,
      "extendedTypes": undefined,
      "flags": Object {},
      "groups": undefined,
      "id": 32,
      "implementationOf": undefined,
      "implementedBy": undefined,
      "implementedTypes": undefined,
      "indexSignature": undefined,
      "inheritedFrom": undefined,
      "kind": 64,
      "kindString": "Function",
      "name": "xxFunctionWithMultiSignature",
      "overwrites": undefined,
      "signatures": Array [
        Object {
          "comment": undefined,
          "decorates": undefined,
          "decorators": undefined,
          "flags": Object {},
          "id": 33,
          "implementationOf": undefined,
          "inheritedFrom": undefined,
          "kind": 4096,
          "kindString": "Call signature",
          "name": "xxFunctionWithMultiSignature",
          "overwrites": undefined,
          "parameters": Array [
            Object {
              "comment": undefined,
              "decorates": undefined,
              "decorators": undefined,
              "defaultValue": undefined,
              "flags": Object {},
              "id": 34,
              "kind": 32768,
              "kindString": "Parameter",
              "name": "p",
              "type": Object {
                "name": "string",
                "type": "intrinsic",
              },
            },
          ],
          "type": Object {
            "name": "void",
            "type": "intrinsic",
          },
          "typeParameter": undefined,
        },
        Object {
          "comment": undefined,
          "decorates": undefined,
          "decorators": undefined,
          "flags": Object {},
          "id": 35,
          "implementationOf": undefined,
          "inheritedFrom": undefined,
          "kind": 4096,
          "kindString": "Call signature",
          "name": "xxFunctionWithMultiSignature",
          "overwrites": undefined,
          "parameters": Array [
            Object {
              "comment": undefined,
              "decorates": undefined,
              "decorators": undefined,
              "defaultValue": undefined,
              "flags": Object {},
              "id": 36,
              "kind": 32768,
              "kindString": "Parameter",
              "name": "p",
              "type": Object {
                "name": "number",
                "type": "intrinsic",
              },
            },
          ],
          "type": Object {
            "name": "void",
            "type": "intrinsic",
          },
          "typeParameter": undefined,
        },
      ],
      "sources": Array [
        Object {
          "character": 16,
          "fileName": "core/math/index.ts",
          "line": 9,
        },
      ],
      "type": undefined,
      "typeParameter": undefined,
    },
  ],
  "comment": undefined,
  "decorates": undefined,
  "decorators": undefined,
  "flags": Object {},
  "groups": Array [
    Object {
      "children": Array [
        37,
        38,
      ],
      "kind": 16777216,
      "title": "References",
    },
    Object {
      "children": Array [
        1,
      ],
      "kind": 4,
      "title": "Namespaces",
    },
    Object {
      "children": Array [
        42,
      ],
      "kind": 8,
      "title": "Enumerations",
    },
    Object {
      "children": Array [
        24,
        27,
      ],
      "kind": 128,
      "title": "Classes",
    },
    Object {
      "children": Array [
        40,
      ],
      "kind": 256,
      "title": "Interfaces",
    },
    Object {
      "children": Array [
        39,
      ],
      "kind": 32,
      "title": "Variables",
    },
    Object {
      "children": Array [
        30,
        32,
      ],
      "kind": 64,
      "title": "Functions",
    },
  ],
  "id": 0,
  "kind": 1,
  "kindString": "Project",
  "name": "typedoc-plugin-cc",
  "originalName": "",
  "sources": Array [
    Object {
      "character": 0,
      "fileName": "index.ts",
      "line": 2,
    },
  ],
}
`;
